F:\Google Antigravity\ModernFlyouts\ModernFlyouts.Package\ModernFlyouts.Package.wapproj : warning NU1503: Skipping restore for project 'F:\Google Antigravity\ModernFlyouts\ModernFlyouts.Package\ModernFlyouts.Package.wapproj'. The project file may be invalid or missing targets required for restore. [F:\Google Antigravity\ModernFlyouts\ModernFlyouts.sln]
F:\Google Antigravity\ModernFlyouts\ModernFlyoutsBridge\ModernFlyoutsBridge.vcxproj : warning NU1503: Skipping restore for project 'F:\Google Antigravity\ModernFlyouts\ModernFlyoutsBridge\ModernFlyoutsBridge.vcxproj'. The project file may be invalid or missing targets required for restore. [F:\Google Antigravity\ModernFlyouts\ModernFlyouts.sln]
  Determining projects to restore...
  All projects are up-to-date for restore.
F:\Google Antigravity\ModernFlyouts\ModernFlyoutsBridge\ModernFlyoutsBridge.vcxproj(36,3): error MSB4019: The imported project "F:\Microsoft.Cpp.Default.props" was not found. Confirm that the expression in the Import declaration "\Microsoft.Cpp.Default.props" is correct, and that the file exists on disk.
F:\Google Antigravity\ModernFlyouts\ModernFlyouts.Package\ModernFlyouts.Package.wapproj(35,3): error MSB4019: The imported project "C:\Program Files\dotnet\sdk\8.0.417\Microsoft\DesktopBridge\Microsoft.DesktopBridge.props" was not found. Confirm that the expression in the Import declaration "C:\Program Files\dotnet\sdk\8.0.417\\Microsoft\DesktopBridge\\Microsoft.DesktopBridge.props" is correct, and that the file exists on disk.
F:\Google Antigravity\ModernFlyouts\ModernFlyouts\ModernFlyouts.csproj(171,5): warning : ModernFlyouts.csproj is Multilingual build enabled, but the Multilingual App Toolkit is unavailable during the build. If building with Visual Studio, please check to ensure that toolkit is properly installed.
F:\Google Antigravity\ModernFlyouts\ModernFlyouts.Core\UI\FlyoutWindow\FlyoutWindow.cs(2,7): error CS0246: The type or namespace name 'iNKORE' could not be found (are you missing a using directive or an assembly reference?) [F:\Google Antigravity\ModernFlyouts\ModernFlyouts.Core\ModernFlyouts.Core.csproj]
F:\Google Antigravity\ModernFlyouts\ModernFlyouts.Core\UI\FlyoutWindow\FlyoutWindow.cs(3,7): error CS0246: The type or namespace name 'iNKORE' could not be found (are you missing a using directive or an assembly reference?) [F:\Google Antigravity\ModernFlyouts\ModernFlyouts.Core\ModernFlyouts.Core.csproj]

Build FAILED.

F:\Google Antigravity\ModernFlyouts\ModernFlyouts.Package\ModernFlyouts.Package.wapproj : warning NU1503: Skipping restore for project 'F:\Google Antigravity\ModernFlyouts\ModernFlyouts.Package\ModernFlyouts.Package.wapproj'. The project file may be invalid or missing targets required for restore. [F:\Google Antigravity\ModernFlyouts\ModernFlyouts.sln]
F:\Google Antigravity\ModernFlyouts\ModernFlyoutsBridge\ModernFlyoutsBridge.vcxproj : warning NU1503: Skipping restore for project 'F:\Google Antigravity\ModernFlyouts\ModernFlyoutsBridge\ModernFlyoutsBridge.vcxproj'. The project file may be invalid or missing targets required for restore. [F:\Google Antigravity\ModernFlyouts\ModernFlyouts.sln]
F:\Google Antigravity\ModernFlyouts\ModernFlyouts\ModernFlyouts.csproj(171,5): warning : ModernFlyouts.csproj is Multilingual build enabled, but the Multilingual App Toolkit is unavailable during the build. If building with Visual Studio, please check to ensure that toolkit is properly installed.
F:\Google Antigravity\ModernFlyouts\ModernFlyoutsBridge\ModernFlyoutsBridge.vcxproj(36,3): error MSB4019: The imported project "F:\Microsoft.Cpp.Default.props" was not found. Confirm that the expression in the Import declaration "\Microsoft.Cpp.Default.props" is correct, and that the file exists on disk.
F:\Google Antigravity\ModernFlyouts\ModernFlyouts.Package\ModernFlyouts.Package.wapproj(35,3): error MSB4019: The imported project "C:\Program Files\dotnet\sdk\8.0.417\Microsoft\DesktopBridge\Microsoft.DesktopBridge.props" was not found. Confirm that the expression in the Import declaration "C:\Program Files\dotnet\sdk\8.0.417\\Microsoft\DesktopBridge\\Microsoft.DesktopBridge.props" is correct, and that the file exists on disk.
F:\Google Antigravity\ModernFlyouts\ModernFlyouts.Core\UI\FlyoutWindow\FlyoutWindow.cs(2,7): error CS0246: The type or namespace name 'iNKORE' could not be found (are you missing a using directive or an assembly reference?) [F:\Google Antigravity\ModernFlyouts\ModernFlyouts.Core\ModernFlyouts.Core.csproj]
F:\Google Antigravity\ModernFlyouts\ModernFlyouts.Core\UI\FlyoutWindow\FlyoutWindow.cs(3,7): error CS0246: The type or namespace name 'iNKORE' could not be found (are you missing a using directive or an assembly reference?) [F:\Google Antigravity\ModernFlyouts\ModernFlyouts.Core\ModernFlyouts.Core.csproj]
    3 Warning(s)
    4 Error(s)

Time Elapsed 00:00:01.22
